// Jest Snapshot v1, https://goo.gl/fbAQLP

exports[`RowActions matches snapshot 1`] = `
<div>
  <button
    aria-label="ערוך"
    class="MuiButtonBase-root MuiIconButton-root MuiIconButton-sizeSmall css-1pe4mpk-MuiButtonBase-root-MuiIconButton-root"
    role="menuitem"
    tabindex="0"
    type="button"
  >
    <span
      class="MuiTouchRipple-root css-8je8zh-MuiTouchRipple-root"
    />
  </button>
  <button
    aria-label="מחק"
    class="MuiButtonBase-root MuiIconButton-root MuiIconButton-sizeSmall css-1pe4mpk-MuiButtonBase-root-MuiIconButton-root"
    role="menuitem"
    tabindex="0"
    type="button"
  >
    <span
      class="MuiTouchRipple-root css-8je8zh-MuiTouchRipple-root"
    />
  </button>
</div>
`;
